-- Test queries on a distributed table with shards on the coordinator
CREATE SCHEMA coordinator_shouldhaveshards;
SET search_path TO coordinator_shouldhaveshards;
SET citus.next_shard_id TO 1503000;
-- idempotently add node to allow this test to run without add_coordinator
SET client_min_messages TO WARNING;
SELECT 1 FROM master_add_node('localhost', :master_port, groupid => 0);
 ?column?
---------------------------------------------------------------------
        1
(1 row)

RESET client_min_messages;
SELECT 1 FROM master_set_node_property('localhost', :master_port, 'shouldhaveshards', true);
 ?column?
---------------------------------------------------------------------
        1
(1 row)

SET citus.shard_replication_factor TO 1;
CREATE TABLE test (x int, y int);
SELECT create_distributed_table('test','x', colocate_with := 'none');
 create_distributed_table
---------------------------------------------------------------------

(1 row)

SELECT count(*) FROM pg_dist_shard JOIN pg_dist_placement USING (shardid)
WHERE logicalrelid = 'test'::regclass AND groupid = 0;
 count
---------------------------------------------------------------------
     2
(1 row)

--- enable logging to see which tasks are executed locally
SET client_min_messages TO LOG;
SET citus.log_local_commands TO ON;
-- INSERT..SELECT with COPY under the covers
INSERT INTO test SELECT s,s FROM generate_series(2,100) s;
NOTICE:  executing the copy locally for shard xxxxx
NOTICE:  executing the copy locally for shard xxxxx
-- router queries execute locally
INSERT INTO test VALUES (1, 1);
NOTICE:  executing the command locally: INSERT INTO coordinator_shouldhaveshards.test_1503000 (x, y) VALUES (1, 1)
SELECT y FROM test WHERE x = 1;
NOTICE:  executing the command locally: SELECT y FROM coordinator_shouldhaveshards.test_1503000 test WHERE (x OPERATOR(pg_catalog.=) 1)
 y
---------------------------------------------------------------------
 1
(1 row)

-- multi-shard queries connect to localhost
SELECT count(*) FROM test;
 count
---------------------------------------------------------------------
   100
(1 row)

WITH a AS (SELECT * FROM test) SELECT count(*) FROM test;
 count
---------------------------------------------------------------------
   100
(1 row)

-- multi-shard queries in transaction blocks execute locally
BEGIN;
SELECT y FROM test WHERE x = 1;
NOTICE:  executing the command locally: SELECT y FROM coordinator_shouldhaveshards.test_1503000 test WHERE (x OPERATOR(pg_catalog.=) 1)
 y
---------------------------------------------------------------------
 1
(1 row)

SELECT count(*) FROM test;
NOTICE:  executing the command locally: SELECT count(*) AS count FROM coordinator_shouldhaveshards.test_1503000 test WHERE true
NOTICE:  executing the command locally: SELECT count(*) AS count FROM coordinator_shouldhaveshards.test_1503003 test WHERE true
 count
---------------------------------------------------------------------
   100
(1 row)

END;
BEGIN;
SELECT y FROM test WHERE x = 1;
NOTICE:  executing the command locally: SELECT y FROM coordinator_shouldhaveshards.test_1503000 test WHERE (x OPERATOR(pg_catalog.=) 1)
 y
---------------------------------------------------------------------
 1
(1 row)

SELECT count(*) FROM test;
NOTICE:  executing the command locally: SELECT count(*) AS count FROM coordinator_shouldhaveshards.test_1503000 test WHERE true
NOTICE:  executing the command locally: SELECT count(*) AS count FROM coordinator_shouldhaveshards.test_1503003 test WHERE true
 count
---------------------------------------------------------------------
   100
(1 row)

END;
-- DDL connects to locahost
ALTER TABLE test ADD COLUMN z int;
-- DDL after local execution
BEGIN;
SELECT y FROM test WHERE x = 1;
NOTICE:  executing the command locally: SELECT y FROM coordinator_shouldhaveshards.test_1503000 test WHERE (x OPERATOR(pg_catalog.=) 1)
 y
---------------------------------------------------------------------
 1
(1 row)

ALTER TABLE test DROP COLUMN z;
NOTICE:  executing the command locally: SELECT worker_apply_shard_ddl_command (1503000, 'coordinator_shouldhaveshards', 'ALTER TABLE test DROP COLUMN z;')
NOTICE:  executing the command locally: SELECT worker_apply_shard_ddl_command (1503003, 'coordinator_shouldhaveshards', 'ALTER TABLE test DROP COLUMN z;')
ROLLBACK;
BEGIN;
ALTER TABLE test DROP COLUMN z;
SELECT y FROM test WHERE x = 1;
 y
---------------------------------------------------------------------
 1
(1 row)

END;
SET citus.log_remote_commands TO ON;
BEGIN;
-- trigger local execution
SELECT y FROM test WHERE x = 1;
NOTICE:  executing the command locally: SELECT y FROM coordinator_shouldhaveshards.test_1503000 test WHERE (x OPERATOR(pg_catalog.=) 1)
 y
---------------------------------------------------------------------
 1
(1 row)

CREATE TABLE dist_table (a int);
INSERT INTO dist_table SELECT * FROM generate_series(1, 100);
-- this should be run locally
SELECT create_distributed_table('dist_table', 'a', colocate_with := 'none');
NOTICE:  executing the command locally: SELECT worker_apply_shard_ddl_command (1503004, 'coordinator_shouldhaveshards', 'CREATE TABLE coordinator_shouldhaveshards.dist_table (a integer)');SELECT worker_apply_shard_ddl_command (1503004, 'coordinator_shouldhaveshards', 'ALTER TABLE coordinator_shouldhaveshards.dist_table OWNER TO postgres')
NOTICE:  issuing BEGIN TRANSACTION ISOLATION LEVEL READ COMMITTED;SELECT assign_distributed_transaction_id(0, 5283, '2020-03-31 12:54:05.803455-07');
DETAIL:  on server postgres@localhost:xxxxx connectionId: 4
NOTICE:  issuing BEGIN TRANSACTION ISOLATION LEVEL READ COMMITTED;SELECT assign_distributed_transaction_id(0, 5283, '2020-03-31 12:54:05.803455-07');
DETAIL:  on server postgres@localhost:xxxxx connectionId: 5
NOTICE:  issuing SELECT worker_apply_shard_ddl_command (1503005, 'coordinator_shouldhaveshards', 'CREATE TABLE coordinator_shouldhaveshards.dist_table (a integer)');SELECT worker_apply_shard_ddl_command (1503005, 'coordinator_shouldhaveshards', 'ALTER TABLE coordinator_shouldhaveshards.dist_table OWNER TO postgres')
DETAIL:  on server postgres@localhost:xxxxx connectionId: 4
NOTICE:  issuing SELECT worker_apply_shard_ddl_command (1503006, 'coordinator_shouldhaveshards', 'CREATE TABLE coordinator_shouldhaveshards.dist_table (a integer)');SELECT worker_apply_shard_ddl_command (1503006, 'coordinator_shouldhaveshards', 'ALTER TABLE coordinator_shouldhaveshards.dist_table OWNER TO postgres')
DETAIL:  on server postgres@localhost:xxxxx connectionId: 5
NOTICE:  executing the copy locally for shard xxxxx
NOTICE:  Copying data from local table...
NOTICE:  executing the copy locally for shard xxxxx
NOTICE:  issuing COPY coordinator_shouldhaveshards.dist_table_1503005 (a) FROM STDIN WITH (format 'binary')
DETAIL:  on server postgres@localhost:xxxxx connectionId: 4
NOTICE:  issuing COPY coordinator_shouldhaveshards.dist_table_1503006 (a) FROM STDIN WITH (format 'binary')
DETAIL:  on server postgres@localhost:xxxxx connectionId: 5
ERROR:  could not open relation with OID 0
SELECT count(*) FROM dist_table;
ERROR:  current transaction is aborted, commands ignored until end of transaction block
END;
SET citus.log_remote_commands TO OFF;
DELETE FROM test;
DROP TABLE test;
DROP SCHEMA coordinator_shouldhaveshards CASCADE;
SELECT 1 FROM master_set_node_property('localhost', :master_port, 'shouldhaveshards', false);
 ?column?
---------------------------------------------------------------------
        1
(1 row)

